---
source: sapiens_tools/src/python.rs
expression: code
---
class Tools:
    def __init__(self, toolbox):
        self.toolbox = toolbox
    def conclude(self, conclusion, original_question):
        return self.toolbox.invoke("Conclude", {"conclusion": conclusion, "original_question": original_question})
    def Conclude(self, conclusion, original_question):
        return self.toolbox.invoke("Conclude", {"conclusion": conclusion, "original_question": original_question})
    def arxiv(self, search_query, id_list=None, start=None, max_results=None, sort_by=None, sort_order=None, show_pdf_url=None, show_authors=None, show_comments=None, show_summary=None):
        return self.toolbox.invoke("Arxiv", {"search_query": search_query, "id_list": id_list, "start": start, "max_results": max_results, "sort_by": sort_by, "sort_order": sort_order, "show_pdf_url": show_pdf_url, "show_authors": show_authors, "show_comments": show_comments, "show_summary": show_summary})
    def Arxiv(self, search_query, id_list=None, start=None, max_results=None, sort_by=None, sort_order=None, show_pdf_url=None, show_authors=None, show_comments=None, show_summary=None):
        return self.toolbox.invoke("Arxiv", {"search_query": search_query, "id_list": id_list, "start": start, "max_results": max_results, "sort_by": sort_by, "sort_order": sort_order, "show_pdf_url": show_pdf_url, "show_authors": show_authors, "show_comments": show_comments, "show_summary": show_summary})
    def list(self):
        return self.toolbox.list()
tools = Tools(toolbox)
def Conclude(self, conclusion, original_question):
        return tools.toolbox.invoke("Conclude", {"conclusion": conclusion, "original_question": original_question})
def Arxiv(self, search_query, id_list=None, start=None, max_results=None, sort_by=None, sort_order=None, show_pdf_url=None, show_authors=None, show_comments=None, show_summary=None):
        return tools.toolbox.invoke("Arxiv", {"search_query": search_query, "id_list": id_list, "start": start, "max_results": max_results, "sort_by": sort_by, "sort_order": sort_order, "show_pdf_url": show_pdf_url, "show_authors": show_authors, "show_comments": show_comments, "show_summary": show_summary})

# ======== user code

arxiv_results = Arxiv(
  search_query='cat:cs.AI',
  max_results=5,
  sort_by='lastUpdatedDate',
  sort_order='descending',
  show_summary=True
)

formatted_results = []
for result in arxiv_results['result']:
    formatted_results.append(f"{result['title']} : {result['pdf_url']}")
formatted_results = "\n".join(formatted_results)

print({'formatted_results': formatted_results})
