---
source: sapiens_tools/src/python.rs
expression: output.stderr
---

