---
source: sapiens_tools/tests/e2e.rs
expression: output
---
stdout: |
  And the result is: hello and something else
stderr: ''

