---
source: sapiens_tools/tests/hue_test.rs
expression: output
---
stdout: ''
stderr: ''

